Using device: mps
Loaded 3269 configs for ring 10 (9842 codes, max src len 241) in 3.2s
Train: 2779  Val: 490  (boundary total 776, stratify=True)
[control] parameters: 1,193,473
[control]  epoch   1/150  loss=0.4664  verdict_acc=0.8571  verdict_acc_boundary=0.9224  time=5.6s  *best*
[control]  epoch   2/150  loss=0.3179  verdict_acc=0.8694  verdict_acc_boundary=0.7845  time=5.3s  *best*
[control]  epoch   3/150  loss=0.2816  verdict_acc=0.8592  verdict_acc_boundary=0.6121  time=5.3s
[control]  epoch   4/150  loss=0.2887  verdict_acc=0.8837  verdict_acc_boundary=0.7931  time=5.3s  *best*
[control]  epoch   5/150  loss=0.2707  verdict_acc=0.8857  verdict_acc_boundary=0.7155  time=5.3s  *best*
[control]  epoch   6/150  loss=0.2622  verdict_acc=0.8857  verdict_acc_boundary=0.8534  time=5.3s
[control]  epoch   7/150  loss=0.2520  verdict_acc=0.8796  verdict_acc_boundary=0.8621  time=5.3s
[control]  epoch   8/150  loss=0.2475  verdict_acc=0.8796  verdict_acc_boundary=0.8621  time=5.3s
[control]  epoch   9/150  loss=0.2469  verdict_acc=0.8959  verdict_acc_boundary=0.8448  time=5.2s  *best*
[control]  epoch  10/150  loss=0.2333  verdict_acc=0.8633  verdict_acc_boundary=0.6207  time=5.3s
[control]  epoch  11/150  loss=0.2597  verdict_acc=0.8796  verdict_acc_boundary=0.8190  time=5.2s
[control]  epoch  12/150  loss=0.2567  verdict_acc=0.8857  verdict_acc_boundary=0.8621  time=5.2s
[control]  epoch  13/150  loss=0.2889  verdict_acc=0.8714  verdict_acc_boundary=0.8707  time=5.2s
[control]  epoch  14/150  loss=0.2665  verdict_acc=0.8714  verdict_acc_boundary=0.8276  time=5.2s
[control]  epoch  15/150  loss=0.2416  verdict_acc=0.8673  verdict_acc_boundary=0.7328  time=5.2s
[control]  epoch  16/150  loss=0.2679  verdict_acc=0.8776  verdict_acc_boundary=0.8103  time=5.1s
[control]  epoch  17/150  loss=0.2733  verdict_acc=0.8898  verdict_acc_boundary=0.8448  time=5.1s
[control]  epoch  18/150  loss=0.2560  verdict_acc=0.8878  verdict_acc_boundary=0.7672  time=5.1s
[control]  epoch  19/150  loss=0.2391  verdict_acc=0.8796  verdict_acc_boundary=0.7414  time=5.1s
[control]  epoch  20/150  loss=0.2427  verdict_acc=0.8878  verdict_acc_boundary=0.8879  time=5.1s
[control]  epoch  21/150  loss=0.2524  verdict_acc=0.8816  verdict_acc_boundary=0.7845  time=5.0s
[control]  epoch  22/150  loss=0.2415  verdict_acc=0.8980  verdict_acc_boundary=0.8362  time=5.1s  *best*
[control]  epoch  23/150  loss=0.2424  verdict_acc=0.8980  verdict_acc_boundary=0.8362  time=5.1s
[control]  epoch  24/150  loss=0.2367  verdict_acc=0.8878  verdict_acc_boundary=0.7672  time=5.1s
[control]  epoch  25/150  loss=0.2324  verdict_acc=0.8939  verdict_acc_boundary=0.7328  time=5.1s
[control]  epoch  26/150  loss=0.2298  verdict_acc=0.8837  verdict_acc_boundary=0.7672  time=5.0s
[control]  epoch  27/150  loss=0.2313  verdict_acc=0.9020  verdict_acc_boundary=0.7931  time=5.0s  *best*
[control]  epoch  28/150  loss=0.2273  verdict_acc=0.8878  verdict_acc_boundary=0.9224  time=5.1s
[control]  epoch  29/150  loss=0.2282  verdict_acc=0.9041  verdict_acc_boundary=0.8017  time=5.0s  *best*
[control]  epoch  30/150  loss=0.2431  verdict_acc=0.8857  verdict_acc_boundary=0.8103  time=5.0s
[control]  epoch  31/150  loss=0.2587  verdict_acc=0.8612  verdict_acc_boundary=0.6552  time=5.0s
[control]  epoch  32/150  loss=0.2617  verdict_acc=0.8694  verdict_acc_boundary=0.8017  time=5.0s
[control]  epoch  33/150  loss=0.2678  verdict_acc=0.8510  verdict_acc_boundary=0.7328  time=5.1s
[control]  epoch  34/150  loss=0.2908  verdict_acc=0.8714  verdict_acc_boundary=0.9138  time=5.0s
[control]  epoch  35/150  loss=0.2989  verdict_acc=0.8857  verdict_acc_boundary=0.9138  time=5.0s
[control]  epoch  36/150  loss=0.3028  verdict_acc=0.8612  verdict_acc_boundary=0.7672  time=5.1s
[control]  epoch  37/150  loss=0.3263  verdict_acc=0.8551  verdict_acc_boundary=0.7069  time=5.0s
[control]  epoch  38/150  loss=0.3298  verdict_acc=0.8612  verdict_acc_boundary=0.7155  time=5.0s
[control]  epoch  39/150  loss=0.2999  verdict_acc=0.8653  verdict_acc_boundary=0.6897  time=5.0s
[control]  epoch  40/150  loss=0.3052  verdict_acc=0.8612  verdict_acc_boundary=0.8190  time=5.1s
[control]  epoch  41/150  loss=0.3179  verdict_acc=0.8878  verdict_acc_boundary=0.8534  time=5.0s
[control]  epoch  42/150  loss=0.3310  verdict_acc=0.8184  verdict_acc_boundary=0.5862  time=5.0s
[control]  epoch  43/150  loss=0.3245  verdict_acc=0.8612  verdict_acc_boundary=0.7586  time=5.0s
[control]  epoch  44/150  loss=0.3296  verdict_acc=0.8653  verdict_acc_boundary=0.8017  time=5.0s
[control]  epoch  45/150  loss=0.3185  verdict_acc=0.8408  verdict_acc_boundary=0.6897  time=5.0s
[control]  epoch  46/150  loss=0.3138  verdict_acc=0.8653  verdict_acc_boundary=0.8621  time=5.1s
[control]  epoch  47/150  loss=0.3075  verdict_acc=0.8633  verdict_acc_boundary=0.9052  time=5.0s
[control]  epoch  48/150  loss=0.3219  verdict_acc=0.8612  verdict_acc_boundary=0.7328  time=5.0s
[control]  epoch  49/150  loss=0.3056  verdict_acc=0.8796  verdict_acc_boundary=0.8448  time=5.0s
[control] early stop at epoch 49: no improvement in verdict accuracy for 20 epochs (best=0.9041 at epoch 29)
Wrote /Users/yugendren/experiments/four_color_digestion/results/d1v2/r10s3/control_metrics.json
Wrote /Users/yugendren/experiments/four_color_digestion/results/d1v2/r10s3/summary.json
