[r=8 n=18] resuming: 5/200 residues already done (71 configs kept so far)
[r=8 n=18] residue 89/200 done in 66.0s: 1514392 triangulations, 1 kept (6/200 residues, elapsed 66s)
[r=8 n=18] residue 143/200 done in 70.0s: 1685916 triangulations, 19 kept (7/200 residues, elapsed 136s)
[r=8 n=18] residue 180/200 done in 69.6s: 1646150 triangulations, 4 kept (8/200 residues, elapsed 206s)
[r=8 n=18] residue 124/200 done in 67.8s: 1575196 triangulations, 0 kept (9/200 residues, elapsed 273s)
[r=8 n=18] residue 163/200 done in 70.4s: 1661877 triangulations, 5 kept (10/200 residues, elapsed 344s)
[r=8 n=18] residue 113/200 done in 70.7s: 1579292 triangulations, 6 kept (11/200 residues, elapsed 414s)
[r=8 n=18] residue 168/200 done in 70.1s: 1674067 triangulations, 0 kept (12/200 residues, elapsed 484s)
[r=8 n=18] residue 39/200 done in 72.7s: 1494575 triangulations, 28 kept (13/200 residues, elapsed 557s)
[r=8 n=18] residue 82/200 done in 73.5s: 1521556 triangulations, 1 kept (14/200 residues, elapsed 631s)
[r=8 n=18] residue 25/200 done in 75.2s: 1604582 triangulations, 7 kept (15/200 residues, elapsed 706s)
[r=8 n=18] residue 106/200 done in 73.3s: 1619030 triangulations, 2 kept (16/200 residues, elapsed 779s)
[r=8 n=18] residue 100/200 done in 76.6s: 1737432 triangulations, 0 kept (17/200 residues, elapsed 856s)
[r=8 n=18] residue 67/200 done in 72.9s: 1578415 triangulations, 25 kept (18/200 residues, elapsed 929s)
[r=8 n=18] residue 139/200 done in 69.8s: 1523546 triangulations, 7 kept (19/200 residues, elapsed 998s)
[r=8 n=18] residue 59/200 done in 75.8s: 1531025 triangulations, 16 kept (20/200 residues, elapsed 1074s)
[r=8 n=18] residue 93/200 done in 72.3s: 1537933 triangulations, 7 kept (21/200 residues, elapsed 1147s)
[r=8 n=18] residue 102/200 done in 62.5s: 1617027 triangulations, 4 kept (22/200 residues, elapsed 1209s)
[r=8 n=18] residue 38/200 done in 44.6s: 1560077 triangulations, 7 kept (23/200 residues, elapsed 1254s)
[r=8 n=18] residue 111/200 done in 43.2s: 1557314 triangulations, 22 kept (24/200 residues, elapsed 1297s)
[r=8 n=18] residue 161/200 done in 53.9s: 1571560 triangulations, 0 kept (25/200 residues, elapsed 1351s)
[r=8 n=18] residue 92/200 done in 313.5s: 1540493 triangulations, 0 kept (26/200 residues, elapsed 1664s)
[r=8 n=18] residue 27/200 done in 79.9s: 1639215 triangulations, 38 kept (27/200 residues, elapsed 1744s)
[r=8 n=18] stopped after 27/200 residues: PARTIAL (budget exhausted, resumable), 270 configs kept total -> /Users/yugendren/experiments/four_color_digestion/data/v2/plantri_r8_n18.jsonl
[r=9 n=18] resuming: 35/200 residues already done (452 configs kept so far)
[r=9 n=18] residue 106/200 done in 42.5s: 431768 triangulations, 7 kept (36/200 residues, elapsed 42s)
[r=9 n=18] residue 36/200 done in 43.0s: 403250 triangulations, 19 kept (37/200 residues, elapsed 86s)
[r=9 n=18] residue 57/200 done in 50.9s: 417453 triangulations, 23 kept (38/200 residues, elapsed 136s)
[r=9 n=18] residue 189/200 done in 65.6s: 450058 triangulations, 10 kept (39/200 residues, elapsed 202s)
[r=9 n=18] residue 169/200 done in 57.6s: 394567 triangulations, 0 kept (40/200 residues, elapsed 260s)
[r=9 n=18] residue 181/200 done in 61.0s: 465814 triangulations, 29 kept (41/200 residues, elapsed 321s)
[r=9 n=18] residue 185/200 done in 52.2s: 441185 triangulations, 16 kept (42/200 residues, elapsed 373s)
[r=9 n=18] residue 51/200 done in 43.1s: 408788 triangulations, 1 kept (43/200 residues, elapsed 416s)
[r=9 n=18] residue 81/200 done in 41.7s: 440379 triangulations, 1 kept (44/200 residues, elapsed 458s)
[r=9 n=18] residue 92/200 done in 45.9s: 408499 triangulations, 8 kept (45/200 residues, elapsed 503s)
[r=9 n=18] residue 77/200 done in 43.2s: 386317 triangulations, 33 kept (46/200 residues, elapsed 547s)
[r=9 n=18] residue 74/200 done in 45.1s: 427207 triangulations, 12 kept (47/200 residues, elapsed 592s)
[r=9 n=18] residue 195/200 done in 44.4s: 411258 triangulations, 2 kept (48/200 residues, elapsed 636s)
[r=9 n=18] residue 86/200 done in 45.7s: 433905 triangulations, 37 kept (49/200 residues, elapsed 682s)
[r=9 n=18] residue 67/200 done in 44.4s: 460206 triangulations, 20 kept (50/200 residues, elapsed 726s)
[r=9 n=18] residue 140/200 done in 45.7s: 399716 triangulations, 1 kept (51/200 residues, elapsed 772s)
[r=9 n=18] residue 26/200 done in 43.0s: 425942 triangulations, 20 kept (52/200 residues, elapsed 815s)
[r=9 n=18] residue 89/200 done in 42.9s: 420704 triangulations, 17 kept (53/200 residues, elapsed 858s)
[r=9 n=18] residue 153/200 done in 37.3s: 390735 triangulations, 2 kept (54/200 residues, elapsed 895s)
[r=9 n=18] residue 150/200 done in 38.4s: 396841 triangulations, 4 kept (55/200 residues, elapsed 933s)
[r=9 n=18] residue 138/200 done in 40.2s: 446850 triangulations, 7 kept (56/200 residues, elapsed 974s)
[r=9 n=18] residue 149/200 done in 40.5s: 425125 triangulations, 15 kept (57/200 residues, elapsed 1014s)
[r=9 n=18] residue 17/200 done in 42.4s: 416826 triangulations, 17 kept (58/200 residues, elapsed 1057s)
[r=9 n=18] residue 2/200 done in 42.2s: 411963 triangulations, 12 kept (59/200 residues, elapsed 1099s)
[r=9 n=18] residue 75/200 done in 41.7s: 428490 triangulations, 37 kept (60/200 residues, elapsed 1140s)
[r=9 n=18] residue 190/200 done in 38.1s: 392264 triangulations, 16 kept (61/200 residues, elapsed 1179s)
[r=9 n=18] residue 105/200 done in 38.4s: 418231 triangulations, 17 kept (62/200 residues, elapsed 1217s)
[r=9 n=18] residue 62/200 done in 39.2s: 438203 triangulations, 22 kept (63/200 residues, elapsed 1256s)
[r=9 n=18] residue 46/200 done in 39.6s: 410002 triangulations, 1 kept (64/200 residues, elapsed 1296s)
[r=9 n=18] residue 146/200 done in 39.9s: 408585 triangulations, 8 kept (65/200 residues, elapsed 1336s)
[r=9 n=18] residue 173/200 done in 40.4s: 469491 triangulations, 2 kept (66/200 residues, elapsed 1376s)
[r=9 n=18] residue 196/200 done in 40.6s: 464728 triangulations, 0 kept (67/200 residues, elapsed 1417s)
[r=9 n=18] residue 136/200 done in 39.9s: 429405 triangulations, 0 kept (68/200 residues, elapsed 1457s)
[r=9 n=18] residue 135/200 done in 38.0s: 426103 triangulations, 3 kept (69/200 residues, elapsed 1495s)
[r=9 n=18] residue 159/200 done in 38.4s: 404495 triangulations, 25 kept (70/200 residues, elapsed 1533s)
[r=9 n=18] residue 165/200 done in 37.6s: 411937 triangulations, 38 kept (71/200 residues, elapsed 1571s)
[r=9 n=18] residue 38/200 done in 37.5s: 404194 triangulations, 14 kept (72/200 residues, elapsed 1608s)
[r=9 n=18] residue 35/200 done in 36.5s: 359561 triangulations, 1 kept (73/200 residues, elapsed 1645s)
[r=9 n=18] residue 125/200 done in 36.5s: 363353 triangulations, 5 kept (74/200 residues, elapsed 1681s)
[r=9 n=18] residue 94/200 done in 37.5s: 414205 triangulations, 11 kept (75/200 residues, elapsed 1719s)
[r=9 n=18] stopped after 75/200 residues: PARTIAL (budget exhausted, resumable), 965 configs kept total -> /Users/yugendren/experiments/four_color_digestion/data/v2/plantri_r9_n18.jsonl
[r=10 n=18] resuming: 41/200 residues already done (680 configs kept so far)
[r=10 n=18] residue 46/200 done in 32.3s: 99566 triangulations, 22 kept (42/200 residues, elapsed 32s)
[r=10 n=18] residue 186/200 done in 31.8s: 103719 triangulations, 7 kept (43/200 residues, elapsed 64s)
[r=10 n=18] residue 96/200 done in 31.1s: 75223 triangulations, 15 kept (44/200 residues, elapsed 95s)
[r=10 n=18] residue 16/200 done in 31.9s: 90665 triangulations, 11 kept (45/200 residues, elapsed 127s)
[r=10 n=18] residue 105/200 done in 32.3s: 97776 triangulations, 30 kept (46/200 residues, elapsed 159s)
[r=10 n=18] residue 42/200 done in 32.1s: 72365 triangulations, 26 kept (47/200 residues, elapsed 192s)
[r=10 n=18] residue 161/200 done in 32.2s: 92874 triangulations, 12 kept (48/200 residues, elapsed 224s)
[r=10 n=18] residue 149/200 done in 31.9s: 101132 triangulations, 9 kept (49/200 residues, elapsed 256s)
[r=10 n=18] residue 66/200 done in 31.7s: 106971 triangulations, 5 kept (50/200 residues, elapsed 287s)
[r=10 n=18] residue 73/200 done in 32.1s: 113413 triangulations, 12 kept (51/200 residues, elapsed 319s)
[r=10 n=18] residue 54/200 done in 31.7s: 97374 triangulations, 11 kept (52/200 residues, elapsed 351s)
[r=10 n=18] residue 20/200 done in 32.0s: 85624 triangulations, 29 kept (53/200 residues, elapsed 383s)
[r=10 n=18] residue 60/200 done in 32.2s: 101316 triangulations, 28 kept (54/200 residues, elapsed 415s)
[r=10 n=18] residue 165/200 done in 32.0s: 92325 triangulations, 21 kept (55/200 residues, elapsed 447s)
[r=10 n=18] residue 116/200 done in 31.7s: 74113 triangulations, 16 kept (56/200 residues, elapsed 479s)
[r=10 n=18] residue 172/200 done in 32.3s: 98803 triangulations, 15 kept (57/200 residues, elapsed 511s)
[r=10 n=18] residue 139/200 done in 31.6s: 80640 triangulations, 13 kept (58/200 residues, elapsed 543s)
[r=10 n=18] residue 87/200 done in 32.3s: 94903 triangulations, 14 kept (59/200 residues, elapsed 575s)
[r=10 n=18] residue 108/200 done in 32.1s: 102462 triangulations, 9 kept (60/200 residues, elapsed 607s)
[r=10 n=18] residue 21/200 done in 31.8s: 86618 triangulations, 9 kept (61/200 residues, elapsed 639s)
[r=10 n=18] residue 17/200 done in 32.2s: 77725 triangulations, 31 kept (62/200 residues, elapsed 671s)
[r=10 n=18] residue 40/200 done in 31.8s: 88443 triangulations, 19 kept (63/200 residues, elapsed 703s)
[r=10 n=18] residue 26/200 done in 31.8s: 82283 triangulations, 13 kept (64/200 residues, elapsed 735s)
[r=10 n=18] residue 71/200 done in 31.9s: 107204 triangulations, 11 kept (65/200 residues, elapsed 767s)
[r=10 n=18] residue 64/200 done in 31.4s: 86313 triangulations, 1 kept (66/200 residues, elapsed 798s)
[r=10 n=18] residue 109/200 done in 32.1s: 105381 triangulations, 16 kept (67/200 residues, elapsed 830s)
[r=10 n=18] residue 1/200 done in 31.9s: 106060 triangulations, 2 kept (68/200 residues, elapsed 862s)
[r=10 n=18] residue 101/200 done in 32.4s: 103650 triangulations, 23 kept (69/200 residues, elapsed 894s)
[r=10 n=18] residue 119/200 done in 31.8s: 101388 triangulations, 10 kept (70/200 residues, elapsed 926s)
[r=10 n=18] residue 147/200 done in 32.5s: 108429 triangulations, 25 kept (71/200 residues, elapsed 959s)
[r=10 n=18] residue 34/200 done in 31.9s: 86175 triangulations, 15 kept (72/200 residues, elapsed 991s)
[r=10 n=18] residue 171/200 done in 31.8s: 92723 triangulations, 2 kept (73/200 residues, elapsed 1022s)
[r=10 n=18] residue 94/200 done in 31.7s: 89506 triangulations, 11 kept (74/200 residues, elapsed 1054s)
[r=10 n=18] residue 175/200 done in 32.1s: 84134 triangulations, 27 kept (75/200 residues, elapsed 1086s)
[r=10 n=18] residue 127/200 done in 32.0s: 81017 triangulations, 22 kept (76/200 residues, elapsed 1118s)
[r=10 n=18] residue 173/200 done in 32.1s: 98563 triangulations, 13 kept (77/200 residues, elapsed 1150s)
[r=10 n=18] residue 65/200 done in 32.0s: 93322 triangulations, 11 kept (78/200 residues, elapsed 1182s)
[r=10 n=18] residue 44/200 done in 32.3s: 87211 triangulations, 12 kept (79/200 residues, elapsed 1215s)
[r=10 n=18] residue 47/200 done in 32.2s: 100839 triangulations, 27 kept (80/200 residues, elapsed 1247s)
[r=10 n=18] residue 158/200 done in 32.1s: 91820 triangulations, 36 kept (81/200 residues, elapsed 1279s)
[r=10 n=18] residue 121/200 done in 32.2s: 90349 triangulations, 10 kept (82/200 residues, elapsed 1311s)
[r=10 n=18] residue 182/200 done in 32.0s: 86551 triangulations, 18 kept (83/200 residues, elapsed 1343s)
[r=10 n=18] residue 48/200 done in 31.8s: 88130 triangulations, 13 kept (84/200 residues, elapsed 1375s)
[r=10 n=18] residue 129/200 done in 31.7s: 95901 triangulations, 2 kept (85/200 residues, elapsed 1407s)
[r=10 n=18] residue 85/200 done in 31.7s: 101686 triangulations, 8 kept (86/200 residues, elapsed 1438s)
[r=10 n=18] residue 135/200 done in 24.1s: 93080 triangulations, 18 kept (87/200 residues, elapsed 1463s)
[r=10 n=18] residue 53/200 done in 23.7s: 102058 triangulations, 1 kept (88/200 residues, elapsed 1486s)
[r=10 n=18] residue 79/200 done in 23.7s: 80937 triangulations, 30 kept (89/200 residues, elapsed 1510s)
[r=10 n=18] residue 195/200 done in 23.5s: 89645 triangulations, 2 kept (90/200 residues, elapsed 1534s)
[r=10 n=18] residue 89/200 done in 37.0s: 90906 triangulations, 32 kept (91/200 residues, elapsed 1571s)
[r=10 n=18] residue 159/200 done in 26.5s: 90989 triangulations, 41 kept (92/200 residues, elapsed 1597s)
[r=10 n=18] residue 7/200 done in 25.2s: 92516 triangulations, 0 kept (93/200 residues, elapsed 1622s)
[r=10 n=18] residue 93/200 done in 25.2s: 91654 triangulations, 10 kept (94/200 residues, elapsed 1647s)
[r=10 n=18] residue 155/200 done in 24.6s: 91141 triangulations, 8 kept (95/200 residues, elapsed 1672s)
[r=10 n=18] residue 141/200 done in 25.1s: 97715 triangulations, 6 kept (96/200 residues, elapsed 1697s)
[r=10 n=18] residue 82/200 done in 24.4s: 99133 triangulations, 6 kept (97/200 residues, elapsed 1722s)
[r=10 n=18] stopped after 97/200 residues: PARTIAL (budget exhausted, resumable), 1526 configs kept total -> /Users/yugendren/experiments/four_color_digestion/data/v2/plantri_r10_n18.jsonl
r=8: merged 1593 raw records from 2 part file(s) -> 1432 unique (161 dedup collisions); 1219/1432 d_reducible, 16 boundary -> /Users/yugendren/experiments/four_color_digestion/data/v2/traces_r8.jsonl
r=9: merged 2411 raw records from 2 part file(s) -> 2411 unique (0 dedup collisions); 1738/2411 d_reducible, 193 boundary -> /Users/yugendren/experiments/four_color_digestion/data/v2/traces_r9.jsonl
r=10: merged 3272 raw records from 2 part file(s) -> 3269 unique (3 dedup collisions); 1287/3269 d_reducible, 776 boundary -> /Users/yugendren/experiments/four_color_digestion/data/v2/traces_r10.jsonl
Wrote /Users/yugendren/experiments/four_color_digestion/results/d1v2/data_report.md
Wrote /Users/yugendren/experiments/four_color_digestion/results/d1v2/data_stats.json
exit=0
