Using device: mps
Loaded 6559 usable examples in 5.2s: {'corpus_total': 14036, 'no_trace_excluded': 4828, 'too_long_excluded': 2649, 'usable': 6559}
Train: 5904  Val: 655
Model parameters: 1,543,725
Epoch   1/120  loss=5.1583  exact_match=0.0031  verdict_acc=0.5603  time=35.5s
Epoch   2/120  loss=0.5212  exact_match=0.0000  verdict_acc=0.1908  time=134.8s
Epoch   3/120  loss=0.3264  exact_match=0.0153  verdict_acc=0.2473  time=108.7s
Epoch   4/120  loss=0.2452  exact_match=0.0198  verdict_acc=0.4351  time=100.4s
Epoch   5/120  loss=0.2140  exact_match=0.1313  verdict_acc=0.7328  time=44.3s
Epoch   6/120  loss=0.1920  exact_match=0.0977  verdict_acc=0.7802  time=66.9s
Epoch   7/120  loss=0.1801  exact_match=0.0718  verdict_acc=0.5679  time=101.7s
Epoch   8/120  loss=0.1783  exact_match=0.1374  verdict_acc=0.8244  time=100.1s
Epoch   9/120  loss=0.1706  exact_match=0.0611  verdict_acc=0.5634  time=101.7s
Epoch  10/120  loss=0.1681  exact_match=0.0473  verdict_acc=0.4153  time=102.1s
Epoch  11/120  loss=0.1669  exact_match=0.0824  verdict_acc=0.7450  time=99.4s
Epoch  12/120  loss=0.1637  exact_match=0.1313  verdict_acc=0.7099  time=101.9s
Epoch  13/120  loss=0.1565  exact_match=0.1939  verdict_acc=0.8336  time=83.2s
Epoch  14/120  loss=0.1475  exact_match=0.1588  verdict_acc=0.8321  time=102.1s
Epoch  15/120  loss=0.1459  exact_match=0.1740  verdict_acc=0.8733  time=91.1s
Epoch  16/120  loss=0.1479  exact_match=0.1008  verdict_acc=0.6458  time=102.2s
Epoch  17/120  loss=0.1491  exact_match=0.2107  verdict_acc=0.8748  time=83.3s
Epoch  18/120  loss=0.1463  exact_match=0.1878  verdict_acc=0.8321  time=99.5s
Epoch  19/120  loss=0.1412  exact_match=0.1267  verdict_acc=0.7267  time=101.4s
Epoch  20/120  loss=0.1437  exact_match=0.1771  verdict_acc=0.8931  time=91.1s
Epoch  21/120  loss=0.1354  exact_match=0.1893  verdict_acc=0.9145  time=67.5s
Epoch  22/120  loss=0.1410  exact_match=0.1954  verdict_acc=0.8977  time=67.2s
Epoch  23/120  loss=0.1338  exact_match=0.1710  verdict_acc=0.8275  time=82.5s
Epoch  24/120  loss=0.1369  exact_match=0.1176  verdict_acc=0.7160  time=112.3s
Epoch  25/120  loss=0.1353  exact_match=0.2137  verdict_acc=0.9084  time=82.5s
Epoch  26/120  loss=0.1309  exact_match=0.1542  verdict_acc=0.7359  time=126.5s
Epoch  27/120  loss=0.1276  exact_match=0.1008  verdict_acc=0.5725  time=131.0s
Epoch  28/120  loss=0.1268  exact_match=0.1435  verdict_acc=0.8290  time=119.1s
Epoch  29/120  loss=0.1281  exact_match=0.1618  verdict_acc=0.7618  time=123.6s
Epoch  30/120  loss=0.1256  exact_match=0.1634  verdict_acc=0.6733  time=126.9s
Epoch  31/120  loss=0.1263  exact_match=0.2183  verdict_acc=0.9252  time=90.3s
Epoch  32/120  loss=0.1224  exact_match=0.2137  verdict_acc=0.8870  time=104.6s
Epoch  33/120  loss=0.1350  exact_match=0.1893  verdict_acc=0.8443  time=91.8s
Epoch  34/120  loss=0.1279  exact_match=0.1893  verdict_acc=0.8015  time=99.5s
Epoch  35/120  loss=0.1240  exact_match=0.1557  verdict_acc=0.7527  time=98.4s
Epoch  36/120  loss=0.1205  exact_match=0.1679  verdict_acc=0.7908  time=98.8s
Epoch  37/120  loss=0.1203  exact_match=0.2137  verdict_acc=0.9023  time=29.9s
Epoch  38/120  loss=0.1197  exact_match=0.1832  verdict_acc=0.8351  time=101.1s
Epoch  39/120  loss=0.1178  exact_match=0.1908  verdict_acc=0.9053  time=83.1s
Epoch  40/120  loss=0.1142  exact_match=0.2214  verdict_acc=0.9130  time=68.0s
Epoch  41/120  loss=0.1173  exact_match=0.1985  verdict_acc=0.8992  time=88.0s
Epoch  42/120  loss=0.1161  exact_match=0.1313  verdict_acc=0.7802  time=102.5s
Epoch  43/120  loss=0.1150  exact_match=0.2351  verdict_acc=0.8947  time=82.7s
Epoch  44/120  loss=0.1164  exact_match=0.1802  verdict_acc=0.8595  time=98.1s
Epoch  45/120  loss=0.1141  exact_match=0.2015  verdict_acc=0.8779  time=85.2s
Epoch  46/120  loss=0.1144  exact_match=0.2198  verdict_acc=0.8931  time=45.6s
Epoch  47/120  loss=0.1105  exact_match=0.1542  verdict_acc=0.8168  time=112.3s
Epoch  48/120  loss=0.1068  exact_match=0.1878  verdict_acc=0.8992  time=104.8s
Epoch  49/120  loss=0.1081  exact_match=0.2397  verdict_acc=0.9115  time=76.6s
Epoch  50/120  loss=0.1130  exact_match=0.1405  verdict_acc=0.7588  time=109.5s
Epoch  51/120  loss=0.1093  exact_match=0.1893  verdict_acc=0.8718  time=92.0s
Epoch  52/120  loss=0.1152  exact_match=0.2214  verdict_acc=0.8870  time=123.9s
Epoch  53/120  loss=0.1202  exact_match=0.1405  verdict_acc=0.7954  time=100.6s
Epoch  54/120  loss=0.1173  exact_match=0.1878  verdict_acc=0.8397  time=96.2s
Epoch  55/120  loss=0.1082  exact_match=0.2458  verdict_acc=0.8901  time=43.2s
Epoch  56/120  loss=0.1087  exact_match=0.1878  verdict_acc=0.8427  time=96.6s
Epoch  57/120  loss=0.1091  exact_match=0.1954  verdict_acc=0.9008  time=170.0s
Epoch  58/120  loss=0.1014  exact_match=0.2046  verdict_acc=0.9038  time=90.5s
Epoch  59/120  loss=0.1025  exact_match=0.2290  verdict_acc=0.8931  time=61.9s
Epoch  60/120  loss=0.0991  exact_match=0.2244  verdict_acc=0.9237  time=64.1s
Epoch  61/120  loss=0.0971  exact_match=0.2244  verdict_acc=0.8992  time=91.3s
Epoch  62/120  loss=0.1028  exact_match=0.2031  verdict_acc=0.8718  time=99.1s
Epoch  63/120  loss=0.1038  exact_match=0.2031  verdict_acc=0.9084  time=92.6s
Epoch  64/120  loss=0.1027  exact_match=0.1725  verdict_acc=0.7802  time=104.0s
Epoch  65/120  loss=0.1032  exact_match=0.2153  verdict_acc=0.8885  time=104.2s
Epoch  66/120  loss=0.0986  exact_match=0.2702  verdict_acc=0.8992  time=58.2s
Epoch  67/120  loss=0.0961  exact_match=0.2153  verdict_acc=0.9115  time=123.7s
Epoch  68/120  loss=0.0965  exact_match=0.2366  verdict_acc=0.9053  time=100.1s
Epoch  69/120  loss=0.0942  exact_match=0.2046  verdict_acc=0.8931  time=127.0s
Epoch  70/120  loss=0.0987  exact_match=0.2214  verdict_acc=0.9328  time=66.6s
Epoch  71/120  loss=0.0946  exact_match=0.2260  verdict_acc=0.8702  time=113.8s
Epoch  72/120  loss=0.0930  exact_match=0.2015  verdict_acc=0.9038  time=100.3s
Epoch  73/120  loss=0.0916  exact_match=0.1802  verdict_acc=0.8809  time=99.0s
Epoch  74/120  loss=0.0965  exact_match=0.2382  verdict_acc=0.9115  time=46.1s
Epoch  75/120  loss=0.0883  exact_match=0.2427  verdict_acc=0.9298  time=36.6s
Epoch  76/120  loss=0.0898  exact_match=0.2198  verdict_acc=0.9023  time=73.8s
Epoch  77/120  loss=0.0899  exact_match=0.2153  verdict_acc=0.8962  time=97.0s
Epoch  78/120  loss=0.0862  exact_match=0.2275  verdict_acc=0.8992  time=82.5s
Epoch  79/120  loss=0.0858  exact_match=0.2168  verdict_acc=0.9008  time=81.4s
Epoch  80/120  loss=0.0850  exact_match=0.2260  verdict_acc=0.9145  time=37.1s
Epoch  81/120  loss=0.0842  exact_match=0.2229  verdict_acc=0.8931  time=89.4s
Epoch  82/120  loss=0.0855  exact_match=0.1832  verdict_acc=0.8763  time=98.0s
Epoch  83/120  loss=0.0783  exact_match=0.2275  verdict_acc=0.8992  time=81.2s
Epoch  84/120  loss=0.0804  exact_match=0.2031  verdict_acc=0.8733  time=96.9s
Epoch  85/120  loss=0.0791  exact_match=0.2122  verdict_acc=0.9053  time=73.5s
Epoch  86/120  loss=0.0748  exact_match=0.2458  verdict_acc=0.9267  time=70.9s
Epoch  87/120  loss=0.0727  exact_match=0.2183  verdict_acc=0.9252  time=82.6s
Epoch  88/120  loss=0.0728  exact_match=0.2489  verdict_acc=0.9237  time=68.8s
Epoch  89/120  loss=0.0741  exact_match=0.2015  verdict_acc=0.9069  time=84.8s
Epoch  90/120  loss=0.0758  exact_match=0.2321  verdict_acc=0.9328  time=59.3s
Epoch  91/120  loss=0.0761  exact_match=0.2183  verdict_acc=0.9176  time=60.2s
Epoch  92/120  loss=0.0738  exact_match=0.2305  verdict_acc=0.9145  time=76.5s
Epoch  93/120  loss=0.0736  exact_match=0.2351  verdict_acc=0.9160  time=94.0s
Epoch  94/120  loss=0.0675  exact_match=0.2015  verdict_acc=0.8992  time=87.8s
Epoch  95/120  loss=0.0672  exact_match=0.2412  verdict_acc=0.9206  time=23.4s
Epoch  96/120  loss=0.0658  exact_match=0.2168  verdict_acc=0.9160  time=71.2s
Epoch  97/120  loss=0.0636  exact_match=0.2397  verdict_acc=0.9435  time=63.0s
Epoch  98/120  loss=0.0638  exact_match=0.2382  verdict_acc=0.9176  time=96.7s
Epoch  99/120  loss=0.0627  exact_match=0.2412  verdict_acc=0.8992  time=114.9s
Epoch 100/120  loss=0.0622  exact_match=0.2275  verdict_acc=0.9176  time=74.8s
Epoch 101/120  loss=0.0637  exact_match=0.1954  verdict_acc=0.8870  time=91.5s
Epoch 102/120  loss=0.0652  exact_match=0.2336  verdict_acc=0.9221  time=75.3s
Epoch 103/120  loss=0.0605  exact_match=0.2519  verdict_acc=0.9328  time=39.7s
Epoch 104/120  loss=0.0578  exact_match=0.2244  verdict_acc=0.9038  time=103.0s
Epoch 105/120  loss=0.0635  exact_match=0.2107  verdict_acc=0.9115  time=96.3s
Epoch 106/120  loss=0.0584  exact_match=0.2290  verdict_acc=0.9206  time=83.3s
Epoch 107/120  loss=0.0548  exact_match=0.2153  verdict_acc=0.9298  time=79.5s
Epoch 108/120  loss=0.0525  exact_match=0.2519  verdict_acc=0.9176  time=50.6s
Epoch 109/120  loss=0.0612  exact_match=0.2366  verdict_acc=0.9160  time=103.1s
Epoch 110/120  loss=0.0571  exact_match=0.2351  verdict_acc=0.9130  time=86.1s
Epoch 111/120  loss=0.0525  exact_match=0.2198  verdict_acc=0.9099  time=83.9s
Epoch 112/120  loss=0.0499  exact_match=0.2229  verdict_acc=0.9267  time=68.5s
Epoch 113/120  loss=0.0504  exact_match=0.2550  verdict_acc=0.9115  time=84.2s
Epoch 114/120  loss=0.0515  exact_match=0.2092  verdict_acc=0.9282  time=102.5s
Epoch 115/120  loss=0.0559  exact_match=0.2229  verdict_acc=0.9313  time=55.5s
Epoch 116/120  loss=0.0494  exact_match=0.2198  verdict_acc=0.9237  time=75.4s
Epoch 117/120  loss=0.0498  exact_match=0.2198  verdict_acc=0.9160  time=77.4s
Epoch 118/120  loss=0.0491  exact_match=0.2565  verdict_acc=0.9527  time=36.3s
Epoch 119/120  loss=0.0499  exact_match=0.2412  verdict_acc=0.9450  time=28.9s
Epoch 120/120  loss=0.0452  exact_match=0.2397  verdict_acc=0.9298  time=65.2s
Wrote results/d1/train_metrics_full_v1.json (total train time 10392.0s)
